create_index
CREATE UNIQUE INDEX `IX_Orders_Email` ON `crm`.`Orders` (`Email`(16))

create_primary_key
ALTER TABLE `crm`.`Orders` ADD CONSTRAINT `pk_Orders` PRIMARY KEY (`ID`)

create_unique_constraint
ALTER TABLE `crm`.`Orders` ADD CONSTRAINT `UQ_Orders_Email` UNIQUE (`Email`)

create_check_constraint
ALTER TABLE `crm`.`Orders` ADD CONSTRAINT `CK_Orders_Total` CHECK (`Total` >= 0)

create_foreign_key
ALTER TABLE `crm`.`Orders` ADD CONSTRAINT `FK_Orders_Accounts` FOREIGN KEY (`ID`) REFERENCES `identity`.`Accounts` (`ID`) ON DELETE CASCADE ON UPDATE SET NULL
